I'm sorry, but errors were detected in your script. Please correct the
errors listed below, and try again.


File "game/script.rpy", line 13: expected statement.
    from tkinter import W
                         ^

Ren'Py Version: Ren'Py 7.4.11.2266
Mon Mar 14 22:47:44 2022
